/usr/local/lib/python3.12/dist-packages/pydantic/_internal/_fields.py:149: UserWarning: Field "model_name" has conflict with protected namespace "model_".

You may be able to resolve this warning by setting `model_config['protected_namespaces'] = ()`.
  warnings.warn(
2026-01-12 11:55:08,225 INFO predarb.engine - Polymarket client enabled
2026-01-12 11:55:08,294 INFO predarb.kalshi_client - KalshiClient initialized: env=prod, host=https://api.elections.kalshi.com
2026-01-12 11:55:08,294 INFO predarb.engine - Kalshi client enabled
2026-01-12 11:55:08,294 INFO predarb.engine - Engine initialized with clients: polymarket, kalshi
2026-01-12 11:55:08,295 INFO predarb.engine - Cross-venue semantic matcher enabled
2026-01-12 11:55:08,936 INFO predarb.engine - Fetched 500 markets from polymarket
2026-01-12 11:55:08,936 INFO predarb.kalshi_client - Fetching series for categories: ['Politics', 'Economics', 'Crypto']
2026-01-12 11:55:09,870 INFO predarb.kalshi_client - Category 'Politics': 2272 series found
2026-01-12 11:55:10,667 INFO predarb.kalshi_client - Category 'Economics': 399 series found
2026-01-12 11:55:11,350 INFO predarb.kalshi_client - Category 'Crypto': 205 series found
2026-01-12 11:55:11,350 INFO predarb.kalshi_client - Total: 2876 series across 3 categories
2026-01-12 11:55:11,350 INFO predarb.kalshi_client - Fetching markets for first 100 series (out of 2876)...
2026-01-12 11:55:11,492 INFO predarb.kalshi_client - Series KXSENATERUN: 0 markets
2026-01-12 11:55:12,133 INFO predarb.kalshi_client - Series KXBLSCOMMISSIONER: 0 markets
2026-01-12 11:55:12,781 INFO predarb.kalshi_client - Series KXSKIMPEACH: 0 markets
2026-01-12 11:55:13,422 INFO predarb.kalshi_client - Series KXRECNCSVOTE: 0 markets
2026-01-12 11:55:14,068 INFO predarb.kalshi_client - Series KXDJTINVESTMENT: 0 markets
2026-01-12 11:55:14,710 INFO predarb.kalshi_client - Series GOVPARTYGA: 2 markets
2026-01-12 11:55:15,403 INFO predarb.kalshi_client - Series KXNEWCENSUS: 0 markets
2026-01-12 11:55:16,052 INFO predarb.kalshi_client - Series KXAOCSENATE: 1 markets
2026-01-12 11:55:16,694 INFO predarb.kalshi_client - Series KXCABFAIL: 0 markets
2026-01-12 11:55:17,341 INFO predarb.kalshi_client - Series KXAGENCYELIM: 4 markets
2026-01-12 11:55:18,053 INFO predarb.kalshi_client - Series HOUSEMT1: 2 markets
2026-01-12 11:55:18,902 INFO predarb.kalshi_client - Series KXAUSSEATSLABOR: 0 markets
2026-01-12 11:55:19,546 INFO predarb.kalshi_client - Series KXPOST: 0 markets
2026-01-12 11:55:20,190 INFO predarb.kalshi_client - Series HOUSEFL6: 0 markets
2026-01-12 11:55:20,833 INFO predarb.kalshi_client - Series KXSCOTUSCHANGE: 1 markets
2026-01-12 11:55:21,471 INFO predarb.kalshi_client - Series HOUSETN7S: 0 markets
2026-01-12 11:55:22,117 INFO predarb.kalshi_client - Series KXNEWPARTYMUSK: 0 markets
2026-01-12 11:55:22,968 INFO predarb.kalshi_client - Series KXINFRALW: 0 markets
2026-01-12 11:55:23,613 INFO predarb.kalshi_client - Series KXLEAVEMILLS: 1 markets
2026-01-12 11:55:24,260 INFO predarb.kalshi_client - Series 538APPROVEMIN: 0 markets
2026-01-12 11:55:24,902 INFO predarb.kalshi_client - Series SENATENC: 4 markets
2026-01-12 11:55:25,546 INFO predarb.kalshi_client - Series HOUSECO3: 2 markets
2026-01-12 11:55:26,185 INFO predarb.kalshi_client - Series AILEGISLATION: 0 markets
2026-01-12 11:55:26,830 INFO predarb.kalshi_client - Series KXVOTEAGAINST: 0 markets
2026-01-12 11:55:27,473 INFO predarb.kalshi_client - Series KXAIDIRECTOR: 0 markets
2026-01-12 11:55:28,114 INFO predarb.kalshi_client - Series KXFULLTERMSKPRES: 1 markets
2026-01-12 11:55:28,759 INFO predarb.kalshi_client - Series KXARRESTSHOHEI: 0 markets
2026-01-12 11:55:29,404 INFO predarb.kalshi_client - Series KXTRUMPRESIGN: 1 markets
2026-01-12 11:55:30,053 INFO predarb.kalshi_client - Series KXBILLCOUNTM: 0 markets
2026-01-12 11:55:30,700 INFO predarb.kalshi_client - Series KXEPSTEINNO: 0 markets
2026-01-12 11:55:31,341 INFO predarb.kalshi_client - Series GOVPARTYIA: 2 markets
2026-01-12 11:55:31,985 INFO predarb.kalshi_client - Series KXNCCOURT: 2 markets
2026-01-12 11:55:32,628 INFO predarb.kalshi_client - Series KXELONDJTSAY: 0 markets
2026-01-12 11:55:33,273 INFO predarb.kalshi_client - Series KXMAXWELLPARDON: 0 markets
2026-01-12 11:55:33,918 INFO predarb.kalshi_client - Series DEBATE: 0 markets
2026-01-12 11:55:34,560 INFO predarb.kalshi_client - Series PRESPARTYNY: 0 markets
2026-01-12 11:55:35,222 INFO predarb.kalshi_client - Series KXDIRICEVITIELLO: 0 markets
2026-01-12 11:55:35,868 INFO predarb.kalshi_client - Series SENATEIN: 2 markets
2026-01-12 11:55:36,510 INFO predarb.kalshi_client - Series MITACKMAN: 0 markets
2026-01-12 11:55:37,156 INFO predarb.kalshi_client - Series SENATEVT: 2 markets
2026-01-12 11:55:37,798 INFO predarb.kalshi_client - Series PRESPARTYFL: 0 markets
2026-01-12 11:55:38,438 INFO predarb.kalshi_client - Series KXUNDSECAGRIFPC: 0 markets
2026-01-12 11:55:39,082 INFO predarb.kalshi_client - Series SENATEOK: 4 markets
2026-01-12 11:55:39,725 INFO predarb.kalshi_client - Series KXCTC: 0 markets
2026-01-12 11:55:40,367 INFO predarb.kalshi_client - Series KXRELEASEYMWMELLY: 0 markets
2026-01-12 11:55:41,019 INFO predarb.kalshi_client - Series KXBLOCKITOUTSOURCING: 0 markets
2026-01-12 11:55:41,660 INFO predarb.kalshi_client - Series KXPRESLEAVETUR: 0 markets
2026-01-12 11:55:42,305 INFO predarb.kalshi_client - Series KXIMPEACHCOUNT: 0 markets
2026-01-12 11:55:42,946 INFO predarb.kalshi_client - Series KXDCMINWAGE: 0 markets
2026-01-12 11:55:43,594 INFO predarb.kalshi_client - Series KXECDJT306: 0 markets
2026-01-12 11:55:44,238 INFO predarb.kalshi_client - Series KXROMANIAMOV: 0 markets
2026-01-12 11:55:44,886 INFO predarb.kalshi_client - Series KXTRUMPSETTLE: 0 markets
2026-01-12 11:55:45,525 INFO predarb.kalshi_client - Series PRESPARTYGA: 0 markets
2026-01-12 11:55:46,167 INFO predarb.kalshi_client - Series KXJUDGES: 0 markets
2026-01-12 11:55:46,820 INFO predarb.kalshi_client - Series KXPERMIT: 1 markets
2026-01-12 11:55:47,461 INFO predarb.kalshi_client - Series KXDIAZOUT: 6 markets
2026-01-12 11:55:48,101 INFO predarb.kalshi_client - Series KXSTATEWITHHOLD: 0 markets
2026-01-12 11:55:48,748 INFO predarb.kalshi_client - Series KXCREDITRATING: 1 markets
2026-01-12 11:55:49,386 INFO predarb.kalshi_client - Series KXRONALDOTRUMPHANDSHAKE: 0 markets
2026-01-12 11:55:50,081 INFO predarb.kalshi_client - Series KXTRUMPPUTIN: 0 markets
2026-01-12 11:55:50,919 INFO predarb.kalshi_client - Series KXCALGARYSKYVIEW: 0 markets
2026-01-12 11:55:51,565 INFO predarb.kalshi_client - Series KXCARBONTAX: 0 markets
2026-01-12 11:55:52,209 INFO predarb.kalshi_client - Series SENATEPARTYMA: 0 markets
2026-01-12 11:55:52,855 INFO predarb.kalshi_client - Series KXELECTIONDAYS: 0 markets
2026-01-12 11:55:53,544 INFO predarb.kalshi_client - Series KXFCC: 0 markets
2026-01-12 11:55:54,187 INFO predarb.kalshi_client - Series KXDEMORAESSANCTION: 0 markets
2026-01-12 11:55:54,833 INFO predarb.kalshi_client - Series KXTRUMPTESLA: 0 markets
2026-01-12 11:55:55,478 INFO predarb.kalshi_client - Series KXTRUDEAULEADER: 0 markets
2026-01-12 11:55:56,125 INFO predarb.kalshi_client - Series KXTAIWANDOUBLETAX: 0 markets
2026-01-12 11:55:56,767 INFO predarb.kalshi_client - Series KXAILEGISLATION: 1 markets
2026-01-12 11:55:57,411 INFO predarb.kalshi_client - Series KXGOVTNNOMR: 2 markets
2026-01-12 11:55:58,054 INFO predarb.kalshi_client - Series KXICEMASK: 0 markets
2026-01-12 11:55:58,694 INFO predarb.kalshi_client - Series KXDIRECTORNPS: 0 markets
2026-01-12 11:55:59,337 INFO predarb.kalshi_client - Series KXBANTRANS: 1 markets
2026-01-12 11:55:59,997 INFO predarb.kalshi_client - Series SENATEPARTYMN: 0 markets
2026-01-12 11:56:00,852 INFO predarb.kalshi_client - Series KXGAMBLINGREPEAL: 2 markets
2026-01-12 11:56:01,547 INFO predarb.kalshi_client - Series KXUNIPRESIDENTS: 0 markets
2026-01-12 11:56:02,192 INFO predarb.kalshi_client - Series CABINETDIMON: 0 markets
2026-01-12 11:56:02,834 INFO predarb.kalshi_client - Series KXAPRPOTUSEOY: 0 markets
2026-01-12 11:56:03,474 INFO predarb.kalshi_client - Series KXSENATECO: 0 markets
2026-01-12 11:56:04,114 INFO predarb.kalshi_client - Series KXSAFEBANK: 1 markets
2026-01-12 11:56:04,756 INFO predarb.kalshi_client - Series KXCONGRESSTARIFF: 0 markets
2026-01-12 11:56:05,400 INFO predarb.kalshi_client - Series KXPRCSTUDENTS: 0 markets
2026-01-12 11:56:06,089 INFO predarb.kalshi_client - Series SENATEKS: 4 markets
2026-01-12 11:56:06,734 INFO predarb.kalshi_client - Series KXCANLIBSEATS: 0 markets
2026-01-12 11:56:07,376 INFO predarb.kalshi_client - Series KXFESTIVALEVENTTOMMORROWLAND: 0 markets
2026-01-12 11:56:08,025 INFO predarb.kalshi_client - Series KXIRS: 0 markets
2026-01-12 11:56:08,668 INFO predarb.kalshi_client - Series KXSTABLECOIN: 0 markets
2026-01-12 11:56:09,361 INFO predarb.kalshi_client - Series KXTARIFFLENGTHPRC: 0 markets
2026-01-12 11:56:10,005 INFO predarb.kalshi_client - Series KXDJTPUTINCALL: 0 markets
2026-01-12 11:56:10,647 INFO predarb.kalshi_client - Series GOOGLEUS: 0 markets
2026-01-12 11:56:11,292 INFO predarb.kalshi_client - Series KXLEAVEMTAPRES: 0 markets
2026-01-12 11:56:11,935 INFO predarb.kalshi_client - Series KXCONGRESSTARIFFVOTE: 0 markets
2026-01-12 11:56:12,581 INFO predarb.kalshi_client - Series KXAGNOMDVA: 0 markets
2026-01-12 11:56:13,229 INFO predarb.kalshi_client - Series CARVMAK: 0 markets
2026-01-12 11:56:13,872 INFO predarb.kalshi_client - Series KXPRESVISIT: 0 markets
2026-01-12 11:56:14,519 INFO predarb.kalshi_client - Series KXUSAMBUK: 0 markets
2026-01-12 11:56:15,160 INFO predarb.kalshi_client - Series KXCANAL: 1 markets
2026-01-12 11:56:15,801 INFO predarb.kalshi_client - Series LIZARRAGA: 0 markets
2026-01-12 11:56:16,448 INFO predarb.kalshi_client - Series KXEOCOUNTDAY1B: 0 markets
2026-01-12 11:56:16,448 INFO predarb.kalshi_client - Fetched 51 unique markets from Kalshi
2026-01-12 11:56:16,450 INFO predarb.kalshi_client - After filtering: 51 Kalshi markets
2026-01-12 11:56:16,451 INFO predarb.engine - Fetched 51 markets from kalshi
2026-01-12 11:56:16,451 INFO predarb.engine - Total markets across all exchanges: 551
2026-01-12 11:56:16,452 INFO predarb.cross_venue_matcher - Cross-venue matching: 51 Kalshi × 460 Poly
2026-01-12 11:56:16,452 INFO predarb.cross_venue_matcher - Loading semantic model: all-MiniLM-L6-v2
2026-01-12 11:56:16,454 INFO sentence_transformers.SentenceTransformer - Use pytorch device_name: cpu
2026-01-12 11:56:16,454 INFO sentence_transformers.SentenceTransformer - Load pretrained SentenceTransformer: all-MiniLM-L6-v2
2026-01-12 11:56:18,236 INFO predarb.cross_venue_matcher - Model loaded successfully
2026-01-12 11:56:18,249 INFO predarb.cross_venue_matcher - Encoding 460 Polymarket markets...
2026-01-12 11:56:50,481 INFO predarb.cross_venue_matcher - Processing 51 Kalshi markets in 2 batches of 50...
2026-01-12 11:56:50,482 INFO predarb.cross_venue_matcher - Batch 1/2: Processing markets 1-50...
2026-01-12 11:56:51,004 INFO predarb.cross_venue_matcher - Batch 1/2: Found 0 matches so far
2026-01-12 11:56:51,004 INFO predarb.cross_venue_matcher - Batch 2/2: Processing markets 51-51...
2026-01-12 11:56:51,023 INFO predarb.cross_venue_matcher - Batch 2/2: Found 0 matches so far
2026-01-12 11:56:51,023 INFO predarb.cross_venue_matcher - Found 0 cross-venue pairs (min_sim=0.6)
DEBUG: cross_venue_config = enabled=True model_name='all-MiniLM-L6-v2' min_similarity=0.6 max_hours_diff=24 batch_size=50
DEBUG: enabled attr = True
DEBUG: Created matcher, enabled=True
