/usr/local/lib/python3.12/dist-packages/pydantic/_internal/_fields.py:149: UserWarning: Field "model_name" has conflict with protected namespace "model_".

You may be able to resolve this warning by setting `model_config['protected_namespaces'] = ()`.
  warnings.warn(
2026-01-12 11:48:24,091 INFO predarb.engine - Polymarket client enabled
2026-01-12 11:48:24,163 INFO predarb.kalshi_client - KalshiClient initialized: env=prod, host=https://api.elections.kalshi.com
2026-01-12 11:48:24,164 INFO predarb.engine - Kalshi client enabled
2026-01-12 11:48:24,164 INFO predarb.engine - Engine initialized with clients: polymarket, kalshi
2026-01-12 11:48:24,164 INFO predarb.engine - Cross-venue semantic matcher enabled
2026-01-12 11:48:24,711 INFO predarb.engine - Fetched 500 markets from polymarket
2026-01-12 11:48:24,712 INFO predarb.kalshi_client - Fetching series for categories: ['Politics', 'Economics', 'Crypto']
2026-01-12 11:48:25,757 INFO predarb.kalshi_client - Category 'Politics': 2272 series found
2026-01-12 11:48:26,569 INFO predarb.kalshi_client - Category 'Economics': 399 series found
2026-01-12 11:48:27,006 INFO predarb.kalshi_client - Category 'Crypto': 205 series found
2026-01-12 11:48:27,006 INFO predarb.kalshi_client - Total: 2876 series across 3 categories
2026-01-12 11:48:27,006 INFO predarb.kalshi_client - Fetching markets for first 100 series (out of 2876)...
2026-01-12 11:48:27,150 INFO predarb.kalshi_client - Series HOUSECA45: 2 markets
2026-01-12 11:48:27,798 INFO predarb.kalshi_client - Series KXMOLDOVACOALITION: 0 markets
2026-01-12 11:48:28,437 INFO predarb.kalshi_client - Series GOVPARTYME: 2 markets
2026-01-12 11:48:29,083 INFO predarb.kalshi_client - Series HOUSENY18: 2 markets
2026-01-12 11:48:29,724 INFO predarb.kalshi_client - Series KXEOCOUNTDAY1: 0 markets
2026-01-12 11:48:30,367 INFO predarb.kalshi_client - Series KXLALEADEROUT: 0 markets
2026-01-12 11:48:31,008 INFO predarb.kalshi_client - Series KXMTGSWITCH: 6 markets
2026-01-12 11:48:31,700 INFO predarb.kalshi_client - Series KXAMENDVIOLATENYS2: 0 markets
2026-01-12 11:48:32,340 INFO predarb.kalshi_client - Series KXSPAINBULLFIGHTING: 1 markets
2026-01-12 11:48:32,984 INFO predarb.kalshi_client - Series KXMTRUSHMORE: 1 markets
2026-01-12 11:48:33,624 INFO predarb.kalshi_client - Series KXCRYPTODAY1: 0 markets
2026-01-12 11:48:34,267 INFO predarb.kalshi_client - Series HOUSENV4: 2 markets
2026-01-12 11:48:34,910 INFO predarb.kalshi_client - Series GOVPARTYNH: 2 markets
2026-01-12 11:48:35,558 INFO predarb.kalshi_client - Series KXMACRONOWENS: 0 markets
2026-01-12 11:48:36,207 INFO predarb.kalshi_client - Series PRESPARTYTN: 0 markets
2026-01-12 11:48:36,850 INFO predarb.kalshi_client - Series KXEXTRADITEUSISRAEL: 0 markets
2026-01-12 11:48:37,491 INFO predarb.kalshi_client - Series KXPOPEATTEND: 0 markets
2026-01-12 11:48:38,130 INFO predarb.kalshi_client - Series NPRDEFUND: 0 markets
2026-01-12 11:48:38,776 INFO predarb.kalshi_client - Series KXTRUMPPUTINMEET: 0 markets
2026-01-12 11:48:39,423 INFO predarb.kalshi_client - Series KXRUBIOCOUNT: 0 markets
2026-01-12 11:48:40,070 INFO predarb.kalshi_client - Series SENATEPARTY-MI: 0 markets
2026-01-12 11:48:40,715 INFO predarb.kalshi_client - Series SENATEPARTY-NV: 0 markets
2026-01-12 11:48:41,355 INFO predarb.kalshi_client - Series KXBORDERBILL: 0 markets
2026-01-12 11:48:41,999 INFO predarb.kalshi_client - Series KXDEMORAESIMPEACH: 0 markets
2026-01-12 11:48:42,644 INFO predarb.kalshi_client - Series KXPRESCHILE: 0 markets
2026-01-12 11:48:43,288 INFO predarb.kalshi_client - Series KXNPRCEOCHANGE: 0 markets
2026-01-12 11:48:43,927 INFO predarb.kalshi_client - Series KXFIRERANKHARVARD: 0 markets
2026-01-12 11:48:44,571 INFO predarb.kalshi_client - Series KXSTATE51: 7 markets
2026-01-12 11:48:45,220 INFO predarb.kalshi_client - Series KXCALGARYCENTRE: 0 markets
2026-01-12 11:48:45,860 INFO predarb.kalshi_client - Series KX60MCECOT: 1 markets
2026-01-12 11:48:46,510 INFO predarb.kalshi_client - Series KXSNAPELECTIONBAHA: 0 markets
2026-01-12 11:48:47,155 INFO predarb.kalshi_client - Series KXIRELANDPRES: 0 markets
2026-01-12 11:48:47,799 INFO predarb.kalshi_client - Series KXDJTFLAK: 0 markets
2026-01-12 11:48:48,443 INFO predarb.kalshi_client - Series KXEOCOUNTM: 0 markets
2026-01-12 11:48:49,082 INFO predarb.kalshi_client - Series PRES: 0 markets
2026-01-12 11:48:49,731 INFO predarb.kalshi_client - Series KXNOCONFFRA: 0 markets
2026-01-12 11:48:50,377 INFO predarb.kalshi_client - Series KXAZPORNLAW: 0 markets
2026-01-12 11:48:51,021 INFO predarb.kalshi_client - Series KXHOUSEUT03: 2 markets
2026-01-12 11:48:51,661 INFO predarb.kalshi_client - Series KXMUSKUNFOLLOWDJT: 0 markets
2026-01-12 11:48:52,306 INFO predarb.kalshi_client - Series KXSELZER: 0 markets
2026-01-12 11:48:52,953 INFO predarb.kalshi_client - Series KXNEWROLECEOAPPLE: 5 markets
2026-01-12 11:48:53,593 INFO predarb.kalshi_client - Series KXHBUDGETRES: 0 markets
2026-01-12 11:48:54,250 INFO predarb.kalshi_client - Series KXSHUTDOWNBY: 1 markets
2026-01-12 11:48:54,893 INFO predarb.kalshi_client - Series KXKATZOUT: 1 markets
2026-01-12 11:48:55,544 INFO predarb.kalshi_client - Series KXSUETEADATE: 0 markets
2026-01-12 11:48:56,190 INFO predarb.kalshi_client - Series POPVOTEDJTWY: 0 markets
2026-01-12 11:48:56,833 INFO predarb.kalshi_client - Series KXAPRPOTUS: 8 markets
2026-01-12 11:48:57,476 INFO predarb.kalshi_client - Series KXASSTSECTREASURY: 0 markets
2026-01-12 11:48:58,125 INFO predarb.kalshi_client - Series KXCARNEYSEAT: 0 markets
2026-01-12 11:48:58,766 INFO predarb.kalshi_client - Series GASTAX: 0 markets
2026-01-12 11:48:59,409 INFO predarb.kalshi_client - Series KXDOGESELL: 0 markets
2026-01-12 11:49:00,257 INFO predarb.kalshi_client - Series KXDJTCONF: 0 markets
2026-01-12 11:49:00,907 INFO predarb.kalshi_client - Series KXWTAX: 0 markets
2026-01-12 11:49:01,554 INFO predarb.kalshi_client - Series KXSENATEIDR: 2 markets
2026-01-12 11:49:02,194 INFO predarb.kalshi_client - Series KXDGFOREIGNSVC: 0 markets
2026-01-12 11:49:02,883 INFO predarb.kalshi_client - Series HOUSENV1: 2 markets
2026-01-12 11:49:03,527 INFO predarb.kalshi_client - Series KXUNDSECSTATEMGMT: 0 markets
2026-01-12 11:49:04,171 INFO predarb.kalshi_client - Series KXSNAPELECTION: 0 markets
2026-01-12 11:49:04,815 INFO predarb.kalshi_client - Series KXPRESTALKXI: 0 markets
2026-01-12 11:49:05,462 INFO predarb.kalshi_client - Series KXLICENSENUCLEAR: 0 markets
2026-01-12 11:49:06,107 INFO predarb.kalshi_client - Series HOUSETN7S: 0 markets
2026-01-12 11:49:06,753 INFO predarb.kalshi_client - Series SENATEPARTY-PA: 0 markets
2026-01-12 11:49:07,398 INFO predarb.kalshi_client - Series KXTRUMPFEMA: 0 markets
2026-01-12 11:49:08,037 INFO predarb.kalshi_client - Series KXVENZUELAMILITARY: 0 markets
2026-01-12 11:49:08,683 INFO predarb.kalshi_client - Series KXASIALEADERNEXT: 0 markets
2026-01-12 11:49:09,345 INFO predarb.kalshi_client - Series KXNBAATTEND: 0 markets
2026-01-12 11:49:09,986 INFO predarb.kalshi_client - Series KXDEPCIA: 0 markets
2026-01-12 11:49:10,630 INFO predarb.kalshi_client - Series KXVOTERECNCS: 0 markets
2026-01-12 11:49:11,282 INFO predarb.kalshi_client - Series RSENATESEATS: 0 markets
2026-01-12 11:49:11,933 INFO predarb.kalshi_client - Series MINWAGE: 0 markets
2026-01-12 11:49:12,577 INFO predarb.kalshi_client - Series KXDCEIL: 0 markets
2026-01-12 11:49:13,220 INFO predarb.kalshi_client - Series KXSFFASUIT: 0 markets
2026-01-12 11:49:13,861 INFO predarb.kalshi_client - Series KXSOCIALMEDIABAN: 1 markets
2026-01-12 11:49:14,557 INFO predarb.kalshi_client - Series KXINAUG: 0 markets
2026-01-12 11:49:15,205 INFO predarb.kalshi_client - Series KXSNAPRESTRICT: 1 markets
2026-01-12 11:49:15,850 INFO predarb.kalshi_client - Series SENATELA: 4 markets
2026-01-12 11:49:16,493 INFO predarb.kalshi_client - Series KXELECTIONDAYS: 0 markets
2026-01-12 11:49:17,138 INFO predarb.kalshi_client - Series KXRETIREMIDTERMS: 0 markets
2026-01-12 11:49:17,785 INFO predarb.kalshi_client - Series KXTRAVELDOWNGRADE: 17 markets
2026-01-12 11:49:18,435 INFO predarb.kalshi_client - Series KXMACRONOWNES: 0 markets
2026-01-12 11:49:19,130 INFO predarb.kalshi_client - Series KXDIVTAX: 0 markets
2026-01-12 11:49:19,771 INFO predarb.kalshi_client - Series KXHYPOBILL: 0 markets
2026-01-12 11:49:20,413 INFO predarb.kalshi_client - Series CMEATBANTIME: 0 markets
2026-01-12 11:49:21,062 INFO predarb.kalshi_client - Series KXANOCOALITION: 0 markets
2026-01-12 11:49:21,728 INFO predarb.kalshi_client - Series KXNYCCOUNCIL8: 0 markets
2026-01-12 11:49:22,370 INFO predarb.kalshi_client - Series KXNEWPARTYMUSK: 0 markets
2026-01-12 11:49:23,016 INFO predarb.kalshi_client - Series KXNCCOURT: 2 markets
2026-01-12 11:49:23,656 INFO predarb.kalshi_client - Series KXDEPSECCOMMERCE: 0 markets
2026-01-12 11:49:24,299 INFO predarb.kalshi_client - Series GOVSHUTLENGTH: 0 markets
2026-01-12 11:49:24,939 INFO predarb.kalshi_client - Series KXRECNCH: 0 markets
2026-01-12 11:49:25,585 INFO predarb.kalshi_client - Series KXTIKTOKSCOTUS: 0 markets
2026-01-12 11:49:26,328 INFO predarb.kalshi_client - Series KX2028RRUN: 28 markets
2026-01-12 11:49:26,970 INFO predarb.kalshi_client - Series POPVOTEKHME: 0 markets
2026-01-12 11:49:27,614 INFO predarb.kalshi_client - Series KXEMBASSY: 0 markets
2026-01-12 11:49:28,263 INFO predarb.kalshi_client - Series KXMUSKUNCONST: 0 markets
2026-01-12 11:49:28,906 INFO predarb.kalshi_client - Series GOVPARTYMN: 2 markets
2026-01-12 11:49:29,548 INFO predarb.kalshi_client - Series KXPELOSICHARGE: 0 markets
2026-01-12 11:49:30,189 INFO predarb.kalshi_client - Series KXTRANSMILITARY: 0 markets
2026-01-12 11:49:30,833 INFO predarb.kalshi_client - Series KXPARLIAMENTARIANBYRD: 0 markets
2026-01-12 11:49:31,475 INFO predarb.kalshi_client - Series KXNYCTAXMILLIONS: 1 markets
2026-01-12 11:49:31,475 INFO predarb.kalshi_client - Fetched 103 unique markets from Kalshi
2026-01-12 11:49:31,481 INFO predarb.kalshi_client - After filtering: 103 Kalshi markets
2026-01-12 11:49:31,481 INFO predarb.engine - Fetched 103 markets from kalshi
2026-01-12 11:49:31,482 INFO predarb.engine - Total markets across all exchanges: 603
2026-01-12 11:49:31,483 INFO predarb.cross_venue_matcher - Cross-venue matching: 103 Kalshi × 460 Poly
2026-01-12 11:49:31,483 INFO predarb.cross_venue_matcher - Loading semantic model: all-MiniLM-L6-v2
2026-01-12 11:49:31,485 INFO sentence_transformers.SentenceTransformer - Use pytorch device_name: cpu
2026-01-12 11:49:31,485 INFO sentence_transformers.SentenceTransformer - Load pretrained SentenceTransformer: all-MiniLM-L6-v2
2026-01-12 11:49:33,223 INFO predarb.cross_venue_matcher - Model loaded successfully
