nohup: ignoring input
/usr/local/lib/python3.12/dist-packages/pydantic/_internal/_fields.py:149: UserWarning: Field "model_name" has conflict with protected namespace "model_".

You may be able to resolve this warning by setting `model_config['protected_namespaces'] = ()`.
  warnings.warn(
2026-01-15 14:09:05 [INFO] predarb.engine - Polymarket client enabled
2026-01-15 14:09:05 [INFO] predarb.kalshi_client - KalshiClient initialized: env=prod, host=https://api.elections.kalshi.com
2026-01-15 14:09:05 [INFO] predarb.engine - Kalshi client enabled
2026-01-15 14:09:05 [INFO] predarb.engine - Engine initialized with clients: polymarket, kalshi
2026-01-15 14:09:05 [INFO] predarb.engine - Cross-venue semantic matcher enabled
2026-01-15 14:09:05 [INFO] __main__ - ✓ Validation passed: Using real-time data only
2026-01-15 14:09:05 [INFO] __main__ - Iteration 1/86400
2026-01-15 14:09:06 [INFO] predarb.engine - Fetched 500 markets from polymarket
2026-01-15 14:09:06 [INFO] predarb.kalshi_client - Fetching series for categories: ['Politics', 'Economics', 'Crypto']
2026-01-15 14:09:07 [INFO] predarb.kalshi_client - Category 'Politics': 2684 series found
2026-01-15 14:09:08 [INFO] predarb.kalshi_client - Category 'Economics': 405 series found
2026-01-15 14:09:08 [INFO] predarb.kalshi_client - Category 'Crypto': 205 series found
2026-01-15 14:09:08 [INFO] predarb.kalshi_client - Total: 3294 series across 3 categories
2026-01-15 14:09:08 [INFO] predarb.kalshi_client - Fetching markets for first 100 series (out of 3294)...
2026-01-15 14:09:08 [INFO] predarb.kalshi_client - Series KXCLOSESTGOVERNOR: 14 markets
2026-01-15 14:09:09 [INFO] predarb.kalshi_client - Series KXCOLOMBIACHAMBER: 2 markets
2026-01-15 14:09:10 [INFO] predarb.kalshi_client - Series GOVPARTYIA: 2 markets
2026-01-15 14:09:10 [INFO] predarb.kalshi_client - Series KXSCOTUSCERT3RD: 1 markets
2026-01-15 14:09:11 [INFO] predarb.kalshi_client - Series KXOMB: 0 markets
2026-01-15 14:09:12 [INFO] predarb.kalshi_client - Series KXCOMMISHCBP: 0 markets
2026-01-15 14:09:12 [INFO] predarb.kalshi_client - Series KXSHUTLENGTH: 0 markets
2026-01-15 14:09:13 [INFO] predarb.kalshi_client - Series SENATEMD: 2 markets
2026-01-15 14:09:13 [INFO] predarb.kalshi_client - Series KXCRYPTOEO: 0 markets
2026-01-15 14:09:14 [INFO] predarb.kalshi_client - Series KXTRUMPADMINOFFICIAL: 0 markets
2026-01-15 14:09:15 [INFO] predarb.kalshi_client - Series KXTHEETGERESIGN: 0 markets
2026-01-15 14:09:15 [INFO] predarb.kalshi_client - Series KXFORMALNOMGABBARD: 0 markets
2026-01-15 14:09:16 [INFO] predarb.kalshi_client - Series KXSCOTUSPOWER: 5 markets
2026-01-15 14:09:17 [INFO] predarb.kalshi_client - Series PRESPARTYSC: 0 markets
2026-01-15 14:09:17 [INFO] predarb.kalshi_client - Series KXGOVTFUNDSVOTES: 0 markets
2026-01-15 14:09:18 [INFO] predarb.kalshi_client - Series KXNORWAYPROGRESS: 0 markets
2026-01-15 14:09:19 [INFO] predarb.kalshi_client - Series KXRECNCHVOTE: 0 markets
2026-01-15 14:09:19 [INFO] predarb.kalshi_client - Series GOVPARTYRI: 2 markets
2026-01-15 14:09:20 [INFO] predarb.kalshi_client - Series KXUNIVERSALCHILDCARE: 0 markets
2026-01-15 14:09:21 [INFO] predarb.kalshi_client - Series PRESPARTYND: 0 markets
2026-01-15 14:09:21 [INFO] predarb.kalshi_client - Series KXLEAVEMEENVOY: 0 markets
2026-01-15 14:09:22 [INFO] predarb.kalshi_client - Series KXSECSTATE: 0 markets
2026-01-15 14:09:23 [INFO] predarb.kalshi_client - Series KXMAUBER: 0 markets
2026-01-15 14:09:23 [INFO] predarb.kalshi_client - Series KXCOMMENCEMENT: 0 markets
2026-01-15 14:09:24 [INFO] predarb.kalshi_client - Series KXFEDGOVNOM: 13 markets
2026-01-15 14:09:25 [INFO] predarb.kalshi_client - Series GASTAX: 0 markets
2026-01-15 14:09:25 [INFO] predarb.kalshi_client - Series KXENDOWMENT: 0 markets
2026-01-15 14:09:26 [INFO] predarb.kalshi_client - Series KXNEWPOPE: 12 markets
2026-01-15 14:09:26 [INFO] predarb.kalshi_client - Series KXCA22R: 0 markets
2026-01-15 14:09:27 [INFO] predarb.kalshi_client - Series KXSENATETARIFF: 0 markets
2026-01-15 14:09:28 [INFO] predarb.kalshi_client - Series KXRECNC: 0 markets
2026-01-15 14:09:28 [INFO] predarb.kalshi_client - Series KXGREERCOUNT: 0 markets
2026-01-15 14:09:29 [INFO] predarb.kalshi_client - Series NYCDEBITS: 0 markets
2026-01-15 14:09:30 [INFO] predarb.kalshi_client - Series KXPOLLMARGINPVV5: 0 markets
2026-01-15 14:09:30 [INFO] predarb.kalshi_client - Series KXDJTLANDRY: 0 markets
2026-01-15 14:09:31 [INFO] predarb.kalshi_client - Series KXGA14R: 8 markets
2026-01-15 14:09:32 [INFO] predarb.kalshi_client - Series KXROCKET: 0 markets
2026-01-15 14:09:32 [INFO] predarb.kalshi_client - Series KXDCMAYORD: 12 markets
2026-01-15 14:09:33 [INFO] predarb.kalshi_client - Series KXSINGANTHEM: 0 markets
2026-01-15 14:09:34 [INFO] predarb.kalshi_client - Series KXCANADA3RD: 0 markets
2026-01-15 14:09:34 [INFO] predarb.kalshi_client - Series KXELONSPACE: 0 markets
2026-01-15 14:09:35 [INFO] predarb.kalshi_client - Series HOUSETN7S: 0 markets
2026-01-15 14:09:36 [INFO] predarb.kalshi_client - Series KXREDISTRICTING: 21 markets
2026-01-15 14:09:36 [INFO] predarb.kalshi_client - Series KXNORDSTREAM2: 1 markets
2026-01-15 14:09:37 [INFO] predarb.kalshi_client - Series KXUSAMBPOLAND: 0 markets
2026-01-15 14:09:38 [INFO] predarb.kalshi_client - Series KXTARIFFDECISIONRELEASE: 3 markets
2026-01-15 14:09:38 [INFO] predarb.kalshi_client - Series GOVPARTYNV: 2 markets
2026-01-15 14:09:39 [INFO] predarb.kalshi_client - Series KXGOVFORMPL: 1 markets
2026-01-15 14:09:39 [INFO] predarb.kalshi_client - Series KXSHUTDOWNBYDATE: 0 markets
2026-01-15 14:09:40 [INFO] predarb.kalshi_client - Series POPVOTEKHNY: 0 markets
2026-01-15 14:09:41 [INFO] predarb.kalshi_client - Series KXNY10D: 5 markets
2026-01-15 14:09:41 [INFO] predarb.kalshi_client - Series VCHAIR: 0 markets
2026-01-15 14:09:42 [INFO] predarb.kalshi_client - Series KXCHILEANRUNOFF: 0 markets
2026-01-15 14:09:43 [INFO] predarb.kalshi_client - Series KXEOCOUNTDAY3: 0 markets
2026-01-15 14:09:43 [INFO] predarb.kalshi_client - Series KXWLEADERNET: 0 markets
2026-01-15 14:09:44 [INFO] predarb.kalshi_client - Series HOUSEFL23: 2 markets
2026-01-15 14:09:45 [INFO] predarb.kalshi_client - Series KXKOSA: 1 markets
2026-01-15 14:09:45 [INFO] predarb.kalshi_client - Series GOVPARTYME: 2 markets
2026-01-15 14:09:46 [INFO] predarb.kalshi_client - Series KXATTYGENVA: 0 markets
2026-01-15 14:09:47 [INFO] predarb.kalshi_client - Series KXTHUNEOUT: 0 markets
2026-01-15 14:09:47 [INFO] predarb.kalshi_client - Series KXASIALEADEROUT: 0 markets
2026-01-15 14:09:48 [INFO] predarb.kalshi_client - Series APRPOTUS: 0 markets
2026-01-15 14:09:49 [INFO] predarb.kalshi_client - Series KXPRESCROATIA: 0 markets
2026-01-15 14:09:49 [INFO] predarb.kalshi_client - Series KXNEXTCZECHRPM: 4 markets
2026-01-15 14:09:50 [INFO] predarb.kalshi_client - Series KXOSHADIRECTOR: 0 markets
2026-01-15 14:09:50 [INFO] predarb.kalshi_client - Series KXAUSSEATBENNELONG: 0 markets
2026-01-15 14:09:51 [INFO] predarb.kalshi_client - Series POPVOTEDJTIA: 0 markets
2026-01-15 14:09:52 [INFO] predarb.kalshi_client - Series KXBILLS: 0 markets
2026-01-15 14:09:53 [INFO] predarb.kalshi_client - Series KXCABJAN20: 0 markets
2026-01-15 14:09:53 [INFO] predarb.kalshi_client - Series KXDAYLIGHT: 0 markets
2026-01-15 14:09:54 [INFO] predarb.kalshi_client - Series KXCEONEXT: 0 markets
2026-01-15 14:09:55 [INFO] predarb.kalshi_client - Series KXQATARJET: 0 markets
2026-01-15 14:09:55 [INFO] predarb.kalshi_client - Series KXINFRA: 0 markets
2026-01-15 14:09:56 [INFO] predarb.kalshi_client - Series KXFREEIVF: 1 markets
2026-01-15 14:09:56 [INFO] predarb.kalshi_client - Series KXASSTSECTREASURY: 0 markets
2026-01-15 14:09:57 [INFO] predarb.kalshi_client - Series KXSANCTIONRUSSIA: 1 markets
2026-01-15 14:09:58 [INFO] predarb.kalshi_client - Series KXATTYGENGA: 2 markets
2026-01-15 14:09:58 [INFO] predarb.kalshi_client - Series KXKXSENATEIAD: 4 markets
2026-01-15 14:09:59 [INFO] predarb.kalshi_client - Series SCOTUSN: 0 markets
2026-01-15 14:10:00 [INFO] predarb.kalshi_client - Series KXBLOCKPOCKETRESCISS: 0 markets
2026-01-15 14:10:00 [INFO] predarb.kalshi_client - Series KXHOUSEUT03: 2 markets
2026-01-15 14:10:01 [INFO] predarb.kalshi_client - Series KXSENATEFLD: 4 markets
2026-01-15 14:10:02 [INFO] predarb.kalshi_client - Series KXSERGIOCONF: 0 markets
2026-01-15 14:10:02 [INFO] predarb.kalshi_client - Series KXKILMARESWATINI: 0 markets
2026-01-15 14:10:03 [INFO] predarb.kalshi_client - Series KXATTYGENDE: 2 markets
2026-01-15 14:10:04 [INFO] predarb.kalshi_client - Series KXPORTUGALPM: 0 markets
2026-01-15 14:10:04 [INFO] predarb.kalshi_client - Series KXCANTERRITORY: 1 markets
2026-01-15 14:10:05 [INFO] predarb.kalshi_client - Series HOUSETX28: 2 markets
2026-01-15 14:10:05 [INFO] predarb.kalshi_client - Series KXLATVIAPARLIAMENT: 9 markets
2026-01-15 14:10:06 [INFO] predarb.kalshi_client - Series KXARRESTKWEON: 0 markets
2026-01-15 14:10:07 [INFO] predarb.kalshi_client - Series HOUSEOH13: 2 markets
2026-01-15 14:10:07 [INFO] predarb.kalshi_client - Series KXBOLIVIADEPUTIES: 0 markets
2026-01-15 14:10:08 [INFO] predarb.kalshi_client - Series PRESPARTYID: 0 markets
2026-01-15 14:10:09 [INFO] predarb.kalshi_client - Series CAPGAIN: 0 markets
2026-01-15 14:10:09 [INFO] predarb.kalshi_client - Series KXAPRPOTUS: 8 markets
2026-01-15 14:10:10 [INFO] predarb.kalshi_client - Series KXBARR: 0 markets
2026-01-15 14:10:11 [INFO] predarb.kalshi_client - Series KXJPPMHOC: 0 markets
2026-01-15 14:10:11 [INFO] predarb.kalshi_client - Series KXNEWCITY: 1 markets
2026-01-15 14:10:12 [INFO] predarb.kalshi_client - Series KXTURKEYTERMLIMITS: 0 markets
2026-01-15 14:10:13 [INFO] predarb.kalshi_client - Series KXNYCDEBITS: 0 markets
2026-01-15 14:10:13 [INFO] predarb.kalshi_client - Fetched 154 unique markets from Kalshi
2026-01-15 14:10:13 [INFO] predarb.kalshi_client - After filtering: 150 Kalshi markets
2026-01-15 14:10:13 [INFO] predarb.engine - Fetched 150 markets from kalshi
2026-01-15 14:10:13 [INFO] predarb.engine - Total markets across all exchanges: 650
2026-01-15 14:10:13 [INFO] predarb.cross_venue_matcher - Cross-venue matching: 150 Kalshi × 460 Poly
2026-01-15 14:10:13 [INFO] predarb.cross_venue_matcher - Loading semantic model: all-MiniLM-L6-v2
2026-01-15 14:10:13 [INFO] sentence_transformers.SentenceTransformer - Use pytorch device_name: cpu
2026-01-15 14:10:13 [INFO] sentence_transformers.SentenceTransformer - Load pretrained SentenceTransformer: all-MiniLM-L6-v2
2026-01-15 14:10:15 [INFO] predarb.cross_venue_matcher - Model loaded successfully
2026-01-15 14:10:15 [INFO] predarb.cross_venue_matcher - Encoding 460 Polymarket markets...
